
Memory Configuration

Name             Origin             Length             Attributes
boot             0x0000000000000000 0x0000000000002000
ram              0x0000000000002000 0x000000000003e000
*default*        0x0000000000000000 0xffffffffffffffff

Linker script and memory map

LOAD /home/ctom/Documents/ibex-soc/adder_sw//crt0.o
LOAD adder.o
                0x0000000000000000                __DYNAMIC = 0x0
                0x0000000000004000                STACK_LEN = 0x4000

.vectors        0x0000000000000000       0x84
 *(.vectors)
 .vectors       0x0000000000000000       0x84 /home/ctom/Documents/ibex-soc/adder_sw//crt0.o

.text           0x0000000000002000      0x170
                0x0000000000002000                . = ALIGN (0x4)
                0x0000000000002000                _stext = .
 *(.text)
 .text          0x0000000000002000      0x118 /home/ctom/Documents/ibex-soc/adder_sw//crt0.o
                0x0000000000002000                _start
                0x000000000000203c                exception_handler
 .text          0x0000000000002118       0x48 adder.o
                0x0000000000002118                main
 *(.text.*)
                0x0000000000002160                _etext = .
                0x0000000000002160                __CTOR_LIST__ = .
                0x0000000000002160        0x4 LONG 0x0 (((__CTOR_END__ - __CTOR_LIST__) / 0x4) - 0x2)
 *(.ctors)
                0x0000000000002164        0x4 LONG 0x0
                0x0000000000002168                __CTOR_END__ = .
                0x0000000000002168                __DTOR_LIST__ = .
                0x0000000000002168        0x4 LONG 0x0 (((__DTOR_END__ - __DTOR_LIST__) / 0x4) - 0x2)
 *(.dtors)
                0x000000000000216c        0x4 LONG 0x0
                0x0000000000002170                __DTOR_END__ = .
 *(.lit)
 *(.shdata)
                0x0000000000002170                . = ALIGN (0x4)
                0x0000000000002170                _endtext = .

.rela.dyn       0x0000000000002170        0x0
 .rela.text     0x0000000000002170        0x0 /home/ctom/Documents/ibex-soc/adder_sw//crt0.o

.rodata         0x0000000000002170        0x0
                0x0000000000002170                . = ALIGN (0x4)
 *(.rodata)
 *(.rodata.*)

.shbss          0x0000000000002170        0x0
                0x0000000000002170                . = ALIGN (0x4)
 *(.shbss)

.data           0x0000000000002170        0x0
                0x0000000000002170                . = ALIGN (0x4)
                0x0000000000002170                sdata = .
                0x0000000000002170                _sdata = .
 *(.data)
 .data          0x0000000000002170        0x0 /home/ctom/Documents/ibex-soc/adder_sw//crt0.o
 .data          0x0000000000002170        0x0 adder.o
 *(.data.*)
                0x0000000000002170                edata = .
                0x0000000000002170                _edata = .

.bss            0x0000000000002170        0x0
                0x0000000000002170                . = ALIGN (0x4)
                0x0000000000002170                _bss_start = .
 *(.bss)
 .bss           0x0000000000002170        0x0 /home/ctom/Documents/ibex-soc/adder_sw//crt0.o
 .bss           0x0000000000002170        0x0 adder.o
 *(.bss.*)
 *(.sbss)
 *(.sbss.*)
 *(COMMON)
                0x0000000000002170                _bss_end = .

.user_align     0x0000000000002170      0xe90
                0x0000000000003000                . = ALIGN (0x1000)
 *fill*         0x0000000000002170      0xe90 
                0x0000000000003000                _user_start = .

.stack          0x000000000003c000     0x4000
                0x000000000003c000                . = ALIGN (0x10)
                0x000000000003c000                _stack_start = .
                0x0000000000040000                . = (. + STACK_LEN)
 *fill*         0x000000000003c000     0x4000 
                0x0000000000040000                . = ALIGN (0x10)
                0x0000000000040000                stack = .
                0x0000000000040000                _stack = .
                0x0000000000040000                _stack_end = .

.stab
 *(.stab)

.stabstr
 *(.stabstr)
OUTPUT(adder.elf elf32-littleriscv)

.Pulp_Chip.Info
                0x0000000000000000       0x4e
 .Pulp_Chip.Info
                0x0000000000000000       0x4e /home/ctom/Documents/ibex-soc/adder_sw//crt0.o
 .Pulp_Chip.Info
                0x000000000000004e        0x0 adder.o

.comment        0x0000000000000000       0x1a
 .comment       0x0000000000000000       0x1a adder.o
                                         0x1b (size before relaxing)

Cross Reference Table

Symbol                                            File
_bss_end                                          /home/ctom/Documents/ibex-soc/adder_sw//crt0.o
_bss_start                                        /home/ctom/Documents/ibex-soc/adder_sw//crt0.o
_stack                                            /home/ctom/Documents/ibex-soc/adder_sw//crt0.o
_start                                            /home/ctom/Documents/ibex-soc/adder_sw//crt0.o
exception_handler                                 /home/ctom/Documents/ibex-soc/adder_sw//crt0.o
main                                              adder.o
                                                  /home/ctom/Documents/ibex-soc/adder_sw//crt0.o
